---
source: crates/file-parser/tests/snapshots.rs
expression: output
---
# Fixture Document

Plain paragraph with **bold**, *italic*, and ~~struck~~ runs.

**Style-bold paragraph with a NotBold-styled span inside.**

## Lists

1. First numbered

2. Second numbered

   - a) Alpha sub one

   - b) Alpha sub two

        - i. Roman sub sub

3. Third numbered

Interrupting paragraph between lists.

4. Fourth, continuing the count

- IV. Roman starting at four

- I. Roman five

- Bullet one

- Bullet two

  - Nested bullet

## Table

<table>
<tr><td colspan="2">Wide head</td><td>End</td></tr>
<tr><td rowspan="2">Tall</td><td>B2</td><td>C2</td></tr>
<tr><td>B3</td><td>C3</td></tr>
</table>

## Notes and special text

Music clef 𝄞 appears before this footnote[^1] reference.

An endnote follows here[^2].

Persian with ZWNJ: می‌خواهم. Family emoji: 👨‍👩‍👧.

Markdown specials: \*stars* \_under_ \[bracket] \`tick` #hash 1. dotted | pipe.

## Links and anchors

External link to [example](https://example.com/page).

Relative link to [a sibling file](../../fixture-src/sibling.odt).

<a id="plainmark"></a>This plain paragraph carries a bookmark.

Jump to [the bookmarked paragraph](#plainmark).

## Objects

Inline image: ![图片1：tiny red dot]() done.

Text box:  after the box.

Inside the text box.

## Quote and code

Value below one millionth: 0.0000004 should survive.

[^1]: Footnote after an astral character.

[^2]: Endnote body text.
