---
source: crates/file-parser/tests/snapshots.rs
expression: output
---
## Inherited heading

Plain paragraph between tables.

<table>
<tr><td rowspan="2">A1</td><td colspan="2">B1</td><td>C1</td></tr>
<tr><td colspan="3">Wide B2</td></tr>
<tr><td colspan="2">A3 wide</td><td colspan="2">B3 wide</td></tr>
<tr><td colspan="2">stray continuation</td><td colspan="2">X</td></tr>
</table>
