---
source: crates/file-parser/tests/snapshots.rs
expression: output
---
Seventy references to one image follow.

![图片](?)

![图片](?)

![图片](?)

![图片](?)

![图片](?)

![图片](?)

![图片](?)

![图片](?)

![图片](?)

![图片](?)

![图片](?)

![图片](?)

![图片](?)

![图片](?)

![图片](?)

![图片](?)

![图片](?)

![图片](?)

![图片](?)

![图片](?)

![图片](?)

![图片](?)

![图片](?)

![图片](?)

![图片](?)

![图片](?)

![图片](?)

![图片](?)

![图片](?)

![图片](?)

![图片](?)

![图片](?)

![图片](?)

![图片](?)

![图片](?)

![图片](?)

![图片](?)

![图片](?)

![图片](?)

![图片](?)

![图片](?)

![图片](?)

![图片](?)

![图片](?)

![图片](?)

![图片](?)

![图片](?)

![图片](?)

![图片](?)

![图片](?)

![图片](?)

![图片](?)

![图片](?)

![图片](?)

![图片](?)

![图片](?)

![图片](?)

![图片](?)

![图片](?)

![图片](?)

![图片](?)

![图片](?)

![图片](?)

![图片](?)

![图片](?)

![图片](?)

![图片](?)

![图片](?)

![图片](?)

![图片](?)
