---
source: crates/file-parser/tests/snapshots.rs
expression: output
---
## Values

| Kind | Value | Note |
| --- | --- | --- |
| Percent | 15.5% | fifteen and a half |
| Currency | $1,234.50 | dollars |
| Thousands | 9,876,543 | grouped |
| Date | 2026-03-15 | ides of March |
| Duration | 26:30:15 | over a day |
| Tiny | 0.0000004 | four ten-millionths |
| Boolean | TRUE | yes |

## Merged Grid

<table>
<tr><td colspan="2">Span two</td><td>Right</td></tr>
<tr><td>1</td><td>2</td><td>3</td></tr>
</table>
